#-----------------------------------------------------------
# Vivado v2022.2 (64-bit)
# SW Build 3671981 on Fri Oct 14 05:00:03 MDT 2022
# IP Build 3669848 on Fri Oct 14 08:30:02 MDT 2022
# Start of session at: Tue Apr  2 20:01:45 2024
# Process ID: 9012
# Current directory: E:/Verilog/Pronblema_4_CV_UART- TX module
# Command line: vivado.exe -gui_launcher_event rodinguilauncherevent7828 E:\Verilog\Pronblema_4_CV_UART- TX module\Pronblema_4_CV_UART- TX module.xpr
# Log file: E:/Verilog/Pronblema_4_CV_UART- TX module/vivado.log
# Journal file: E:/Verilog/Pronblema_4_CV_UART- TX module\vivado.jou
# Running On: DESKTOP-NHVLCUB, OS: Windows, CPU Frequency: 3000 MHz, CPU Physical cores: 4, Host memory: 12825 MB
#-----------------------------------------------------------
start_gui
open_project {E:/Verilog/Pronblema_4_CV_UART- TX module/Pronblema_4_CV_UART- TX module.xpr}
update_compile_order -fileset sources_1
launch_simulation
source sim.tcl
close_sim
launch_simulation
source sim.tcl
relaunch_sim
archive_project {E:/Verilog/Pronblema_4_CV_UART- TX module.xpr.zip} -temp_dir {E:/Verilog/Pronblema_4_CV_UART- TX module/.Xil/Vivado-9012-DESKTOP-NHVLCUB} -force -include_local_ip_cache
